[dotenv@17.2.3] injecting env (2) from .env -- tip: ⚙️  write to custom object with { processEnv: myObject }
[dotenv@17.2.3] injecting env (0) from .env -- tip: 🗂️ backup and recover secrets: https://dotenvx.com/ops

Running 1 test using 1 worker
[dotenv@17.2.3] injecting env (0) from .env -- tip: ✅ audit secrets and track compliance: https://dotenvx.com/ops
[dotenv@17.2.3] injecting env (0) from .env -- tip: 🔄 add secrets lifecycle management: https://dotenvx.com/ops
×[dotenv@17.2.3] injecting env (0) from .env -- tip: 🔑 add access controls to secrets: https://dotenvx.com/ops
[dotenv@17.2.3] injecting env (0) from .env -- tip: 🔑 add access controls to secrets: https://dotenvx.com/ops
×[dotenv@17.2.3] injecting env (0) from .env -- tip: ⚙️  enable debug logging with { debug: true }
[dotenv@17.2.3] injecting env (0) from .env -- tip: 🔄 add secrets lifecycle management: https://dotenvx.com/ops
T

  1) [contact] › tests/module_test/contact/contact.spec.ts:1612:5 › CRM_CT00115	การเข้าชมข้อมูลลูกค้า (View Contact) ========== @smoke 

    [31mTest timeout of 60000ms exceeded.[39m

    Error: locator.isChecked: Test timeout of 60000ms exceeded.
    Call log:
    [2m  - waiting for locator('#dyn_chkbox').nth(1).locator('input')[22m


      1627 |   expect(await contact.inputEmail.inputValue()).toBe(contactData.Email);
      1628 |
    > 1629 |   const isChecked = await contact.inputCheckbox.isChecked();
           |                                                 ^
      1630 |   const inputValue = await contact.inputCheckbox.inputValue();
      1631 |   console.log(`DEBUG: Checkbox isChecked=${isChecked}, inputValue=${inputValue}, expected=${contactData.Checkbox}`);
      1632 |
        at /Users/cs/Desktop/crm-automate 2/tests/module_test/contact/contact.spec.ts:1629:49

    attachment #1: video (video/webm) ──────────────────────────────────────────────────────────────
    test-results/module_test-contact-contac-59e96-ูลลูกค้า-View-Contact-smoke-contact/video.webm
    ────────────────────────────────────────────────────────────────────────────────────────────────

    Error Context: test-results/module_test-contact-contac-59e96-ูลลูกค้า-View-Contact-smoke-contact/error-context.md

    attachment #3: trace (application/zip) ─────────────────────────────────────────────────────────
    test-results/module_test-contact-contac-59e96-ูลลูกค้า-View-Contact-smoke-contact/trace.zip
    Usage:

        npx playwright show-trace test-results/module_test-contact-contac-59e96-ูลลูกค้า-View-Contact-smoke-contact/trace.zip

    ────────────────────────────────────────────────────────────────────────────────────────────────

    Retry #1 ───────────────────────────────────────────────────────────────────────────────────────

    [31mTest timeout of 60000ms exceeded.[39m

    Error: locator.isChecked: Test timeout of 60000ms exceeded.
    Call log:
    [2m  - waiting for locator('#dyn_chkbox').nth(1).locator('input')[22m


      1627 |   expect(await contact.inputEmail.inputValue()).toBe(contactData.Email);
      1628 |
    > 1629 |   const isChecked = await contact.inputCheckbox.isChecked();
           |                                                 ^
      1630 |   const inputValue = await contact.inputCheckbox.inputValue();
      1631 |   console.log(`DEBUG: Checkbox isChecked=${isChecked}, inputValue=${inputValue}, expected=${contactData.Checkbox}`);
      1632 |
        at /Users/cs/Desktop/crm-automate 2/tests/module_test/contact/contact.spec.ts:1629:49

    attachment #1: video (video/webm) ──────────────────────────────────────────────────────────────
    test-results/module_test-contact-contac-59e96-ูลลูกค้า-View-Contact-smoke-contact-retry1/video.webm
    ────────────────────────────────────────────────────────────────────────────────────────────────

    Error Context: test-results/module_test-contact-contac-59e96-ูลลูกค้า-View-Contact-smoke-contact-retry1/error-context.md

    attachment #3: trace (application/zip) ─────────────────────────────────────────────────────────
    test-results/module_test-contact-contac-59e96-ูลลูกค้า-View-Contact-smoke-contact-retry1/trace.zip
    Usage:

        npx playwright show-trace test-results/module_test-contact-contac-59e96-ูลลูกค้า-View-Contact-smoke-contact-retry1/trace.zip

    ────────────────────────────────────────────────────────────────────────────────────────────────

    Retry #2 ───────────────────────────────────────────────────────────────────────────────────────

    [31mTest timeout of 60000ms exceeded.[39m

    Error: locator.isChecked: Test timeout of 60000ms exceeded.
    Call log:
    [2m  - waiting for locator('#dyn_chkbox').nth(1).locator('input')[22m


      1627 |   expect(await contact.inputEmail.inputValue()).toBe(contactData.Email);
      1628 |
    > 1629 |   const isChecked = await contact.inputCheckbox.isChecked();
           |                                                 ^
      1630 |   const inputValue = await contact.inputCheckbox.inputValue();
      1631 |   console.log(`DEBUG: Checkbox isChecked=${isChecked}, inputValue=${inputValue}, expected=${contactData.Checkbox}`);
      1632 |
        at /Users/cs/Desktop/crm-automate 2/tests/module_test/contact/contact.spec.ts:1629:49

    attachment #1: video (video/webm) ──────────────────────────────────────────────────────────────
    test-results/module_test-contact-contac-59e96-ูลลูกค้า-View-Contact-smoke-contact-retry2/video.webm
    ────────────────────────────────────────────────────────────────────────────────────────────────

    Error Context: test-results/module_test-contact-contac-59e96-ูลลูกค้า-View-Contact-smoke-contact-retry2/error-context.md

    attachment #3: trace (application/zip) ─────────────────────────────────────────────────────────
    test-results/module_test-contact-contac-59e96-ูลลูกค้า-View-Contact-smoke-contact-retry2/trace.zip
    Usage:

        npx playwright show-trace test-results/module_test-contact-contac-59e96-ูลลูกค้า-View-Contact-smoke-contact-retry2/trace.zip

    ────────────────────────────────────────────────────────────────────────────────────────────────

  1 failed
    [contact] › tests/module_test/contact/contact.spec.ts:1612:5 › CRM_CT00115	การเข้าชมข้อมูลลูกค้า (View Contact) ========== @smoke 
